// Vitest Snapshot v1, https://vitest.dev/guide/snapshot.html

exports[`ClaudeEvents replaying recorded conversations > maps the interrupt conversation as before 1`] = `
[
  "limits 5h, 7d",
  "mode edits",
  "session",
  "usage 0/200000 $0.0010",
  "mode edits",
  "session",
  "usage 21911/200000 $0.0010",
  "thinking: The user is asking me to write a 600-word essay about otters, but then they interrupt with "Just say OK." This seems like they've changed their mind and just want me to acknowledge the instruction.

I should simply respond with "OK" as they requested.",
  "text: OK.",
  "usage 21911/200000 $0.0266",
]
`;

exports[`ClaudeEvents replaying recorded conversations > maps the plan conversation as before 1`] = `
[
  "limits 5h, 7d",
  "mode plan",
  "session",
  "usage 26244/200000 $0.0000",
  "thinking: This is a small task, so I'll start by locating math.ts, sticking to read-only tools, and loading ExitPlanMode as well.

",
  "start t1 glob {"pattern":"**/math.ts"}",
  "start t2 other {"title":"Load tools","detail":"ExitPlanMode, TaskCreate, TaskUpdate"}",
  "end t2 ok {}",
  "end t1 ok {"files":["math.ts"]}",
  "usage 29819/200000 $0.0000",
  "start t3 read {"files":[{"path":"math.ts"}]}",
  "end t3 ok {}",
  "start t4 glob {"pattern":"*"}",
  "end t4 ok {"files":[".claude/skills/hello/SKILL.md",".claude/skills/explain-math/SKILL.md","math.ts"]}",
  "limits 5h, 7d",
  "usage 30212/200000 $0.0000",
  "text: Small, self-contained change, so I'm writing the plan directly.",
  "start t5 plan {"plan":"# Plan: add \`div\` to math.ts\\n\\n## Context\\n\`math.ts\` exports \`add\`, \`sub\` and \`mul\` (plain functions, \`(a: number, b: number)\`, no return type annotations). Add a matching \`div\` that throws on division by zero instead of returning \`Infinity\`/\`NaN\`.\\n\\n## Change\\nAppend to \`math.ts\`, following the existing style:\\n\\n\`\`\`ts\\nexport function div(a: number, b: number) {\\n  if (b === 0) {\\n    throw new Error(\\"Division by zero\\");\\n  }\\n  return a / b;\\n}\\n\`\`\`\\n\\n- \`b === 0\` also catches \`-0\`.\\n- Plain \`Error\` with a clear message; no custom error class (none exists in the project).\\n\\n## Verification\\nThe project has no tests, \`package.json\` or tsconfig. Check with a one-off run, for example \`npx tsx -e 'import {div} from \\"./math\\"; console.log(div(6,3)); try{div(1,0)}catch(e){console.log(e.message)}'\`.\\nExpected output: \`2\`, then \`Division by zero\`.\\n"}",
  "mode edits",
  "end t5 ok {}",
  "usage 27078/200000 $0.0000",
  "text: Plan approved. Adding the \`div\` function now.",
  "start t6 edit {"path":"math.ts","patch":"@@ -1,3 +1,10 @@\\n-export function mul(a: number, b: number) {\\n-  return a * b;\\n-}\\n+export function mul(a: number, b: number) {\\n+  return a * b;\\n+}\\n+\\n+export function div(a: number, b: number) {\\n+  if (b === 0) {\\n+    throw new Error(\\"Division by zero\\");\\n+  }\\n+  return a / b;\\n+}"}",
  "end t6 ok {"patch":"@@ -9,3 +9,10 @@\\n export function mul(a: number, b: number) {\\n   return a * b;\\n }\\n+\\n+export function div(a: number, b: number) {\\n+  if (b === 0) {\\n+    throw new Error(\\"Division by zero\\");\\n+  }\\n+  return a / b;\\n+}"}",
  "usage 27463/200000 $0.0000",
  "text: Now verify the implementation with a quick test:",
  "start t7 bash {"command":"npx tsx -e \\"import {div} from './math'; console.log(div(6,3)); try{div(1,0)}catch(e){console.log(e.message)}\\"","timeoutMs":120000}",
  "output t7 ["npm warn exec The following package was not found and will be installed: tsx@4.23.15","npm error code EACCES","npm error syscall open","npm error path /home/user/.npm/_cacache/index-v5/80/3a/4a5732c282b178c7db04d066e1bf72f3e188eb895364b06eb795a5f7e87b","npm error errno EACCES","npm error","npm error Your cache folder contains root-owned files, due to a bug in previous versions of npm which has since been addressed.","npm error","npm error To permanently fix this problem, please run:","npm error   sudo chown -R 501:20 \\"/home/user/.npm\\"","npm error A complete log of this run can be found in: /home/user/.npm/_logs/2026-10-02T21_08_50_738Z-debug-0.log"]",
  "end t7 failed {"exitCode":1,"wallMs":0}",
  "usage 28032/200000 $0.0000",
  "text: Let me try with node directly:",
  "start t8 bash {"command":"node -e \\"\\nconst math = require('./math.ts');\\nconsole.log('Testing div function...');\\nconsole.log('6 / 3 =', math.div(6, 3));\\ntry {\\n  math.div(1, 0);\\n} catch (e) {\\n  console.log('Error caught:', e.message);\\n}\\n\\"","timeoutMs":120000}",
  "output t8 ["Testing div function...","6 / 3 = 2","Error caught: Division by zero"]",
  "end t8 ok {"exitCode":0,"wallMs":0}",
  "usage 28320/200000 $0.0000",
  "text: ✅ Done! Added the \`div\` function to \`math.ts\` with division-by-zero checking. 

**What was added:**
- \`div(a, b)\` function that throws \`Error("Division by zero")\` when \`b === 0\`
- Matches the style of existing \`add\`, \`sub\`, \`mul\` functions
- Returns \`a / b\` for valid inputs

**Verification:** Test confirms \`div(6, 3)\` returns \`2\` and \`div(1, 0)\` throws with message "Division by zero".",
  "usage 28320/200000 $0.1920",
]
`;

exports[`ClaudeEvents replaying recorded conversations > maps the skills conversation as before 1`] = `
[
  "mode edits",
  "session",
  "usage 22043/200000 $0.0000",
  "thinking: The user has invoked the \`/project:hello\` skill with the argument "there". According to the skill description, it "Greets the user."

The command message shows:
- \`<command-message>project:hello</command-message>\`
- \`<command-name>/project:hello</command-name>\`
- \`<command-args>there</command-args>\`

The instruction at the end says: "Reply with exactly: HELLO-SKILL-OK there"

So I should respond with exactly that string.",
  "text: HELLO-SKILL-OK there",
  "limits 5h, 7d",
  "usage 22043/200000 $0.0262",
  "mode edits",
  "session",
  "usage 22291/200000 $0.0262",
  "thinking: The user is asking me to:
1. Use the $explain-math skill for math.ts
2. Use the context7 MCP server to resolve the library id for "react"
3. Answer in two lines

The system reminder says I need to load the skill project:explain-math before I start.

Let me break this down:
1. First, I should load the project:explain-math skill using the Skill tool
2. Then I need to use the context7 MCP server to resolve the library id for "react"
3. The context7 MCP server instructions mention a tool called "mcp__context7__resolve-library-id" that I need to load first using ToolSearch

Let me start by loading the skill and then the tool.",
  "start t1 other {"title":"Skill","detail":"explain-math"}",
  "end t1 ok {}",
  "start t2 other {"title":"Load tools","detail":"context7:resolve-library-id"}",
  "end t2 ok {}",
  "usage 23585/200000 $0.0262",
  "thinking: The user is asking me to:
1. Read math.ts from the base directory provided
2. Explain it in one sentence

The base directory is: \`/private/tmp/claude-501/-Users-user-projects-experiments-coding-agent/94f2a8f9-6f5c-47a6-9c7f-7e3dddea2cff/scratchpad/jinion-home-fixtures/projects/-private-tmp-claude-501--Users-user-projects-experiments-coding-agent-94f2a8f9-6f5c-47a6-9c7f-7e3dddea2cff-scratchpad-fx-proj/plugins/project/skills/explain-math\`

So I need to read the file at that directory. Let me check if there's a math.ts file there. The path would be:
\`/private/tmp/claude-501/-Users-user-projects-experiments-coding-agent/94f2a8f9-6f5c-47a6-9c7f-7e3dddea2cff/scratchpad/jinion-home-fixtures/projects/-private-tmp-claude-501--Users-user-projects-experiments-coding-agent-94f2a8f9-6f5c-47a6-9c7f-7e3dddea2cff-scratchpad-fx-proj/plugins/project/skills/explain-math/math.ts\`

Let me read this file.",
  "start t3 read {"files":[{"path":"/private/tmp/claude-501/-Users-user-projects-experiments-coding-agent/94f2a8f9-6f5c-47a6-9c7f-7e3dddea2cff/scratchpad/jinion-home-fixtures/projects/-private-tmp-claude-501--Users-user-projects-experiments-coding-agent-94f2a8f9-6f5c-47a6-9c7f-7e3dddea2cff-scratchpad-fx-proj/plugins/project/skills/explain-math/math.ts"}]}",
  "end t3 failed {}",
  "start t4 other {"title":"context7:resolve-library-id","detail":"React library overview"}",
  "end t4 ok {}",
  "usage 24830/200000 $0.0262",
  "thinking: The math.ts file doesn't exist at that path. However, I was able to resolve the React library ID. The best match appears to be \`/websites/react_dev\` with the highest benchmark score of 92.39 and 4980 code snippets.

However, the user asked me to read math.ts and explain it in one sentence. Since the file doesn't exist at that path, I should let them know. But they also asked me to resolve the library id for "react" using context7, which I successfully did.

Let me provide the two-line answer they requested (from the original request):
1. Something about math.ts (which doesn't exist)
2. The React library ID resolution",
  "text: The math.ts file doesn't exist at the provided path. The React library ID is \`/websites/react_dev\` (highest quality match with 4980 code snippets and 92.39 benchmark score).",
  "usage 24830/200000 $0.0454",
]
`;

exports[`ClaudeEvents replaying recorded conversations > maps the subagent conversation as before 1`] = `
[
  "mode edits",
  "session",
  "usage 13811/200000 $0.0000",
  "thinking: The user wants",
  "limits 5h, 7d",
  "thinking:  me to:
1. Use the Agent tool with subagent_type "general-purpose" to find which files under src mention "export"
2. Use Glob and Grep tools
3. Answer in one line

Let me invoke the general-purpose agent to search for files under src that mention "export".",
  "start t1 agent {"description":"Find files mentioning \\"export\\" under src","kind":"general-purpose"}",
  "start t2 grep {"pattern":"export","path":"src"} in t1",
  "end t2 ok {"matches":[],"files":[]} in t1",
  "end t1 ok {}",
  "usage 22402/200000 $0.0000",
  "thinking: The agent found that the files under the src directory that contain the word "export" are:
- src/c.ts
- src/a.ts

The user asked me to answer in one line, so I should provide a concise answer.",
  "text: Files under src that mention "export": **src/c.ts** and **src/a.ts**.",
  "usage 22402/200000 $0.0717",
]
`;

exports[`ClaudeEvents replaying recorded conversations > maps the tools conversation as before 1`] = `
[
  "limits 5h, 7d",
  "mode edits",
  "session",
  "usage 21949/200000 $0.0000",
  "thinking: The user wants me to:
1. Create two tasks using TaskCreate: "Add sub" and "Ask about mul"
2. Mark them in_progress and completed as I go
3. Read math.ts
4. Add a \`sub\` function below \`add\` using Edit
5. Run \`ls\`
6. Ask the user with AskUserQuestion whether to add \`mul\`
7. If yes, add it

First, I need to fetch the TaskCreate tool schema since it's in the deferred tools list.",
  "text: I'll help you with this task workflow. Let me start by fetching the TaskCreate tool schema.",
  "start t1 other {"title":"Load tools","detail":"TaskCreate, TaskUpdate"}",
  "end t1 ok {}",
  "usage 23986/200000 $0.0000",
  "thinking: Good, the TaskCreate and TaskUpdate tools are now loaded. Let me create the two tasks as requested:
1. "Add sub" - to add a sub function to math.ts
2. "Ask about mul" - to ask the user whether to add mul function

Then I need to:
1. Mark "Add sub" as in_progress
2. Read math.ts
3. Add the sub function using Edit
4. Run ls
5. Mark "Add sub" as completed
6. Ask the user about mul with AskUserQuestion
7. If yes, add mul and mark "Ask about mul" as completed

Let me start by creating the tasks.",
  "text: Now let me create the two tasks:",
  "start t2 todo {"groups":[{"title":"Tasks","items":[{"text":"Add sub","status":"pending"}]}]}",
  "end t2 ok {}",
  "start t3 todo {"groups":[{"title":"Tasks","items":[{"text":"Add sub","status":"pending"},{"text":"Ask about mul","status":"pending"}]}]}",
  "end t3 ok {}",
  "usage 24450/200000 $0.0000",
  "thinking: Great! I've created both tasks. Now let me mark the first task as in_progress and start working on it. I need to:
1. Mark task 1 as in_progress
2. Read math.ts
3. Add the sub function
4. Run ls
5. Mark task 1 as completed",
  "text: Now marking task #1 as in_progress and starting work:",
  "start t4 todo {"groups":[{"title":"Tasks","items":[{"text":"Add sub","status":"active"},{"text":"Ask about mul","status":"pending"}]}]}",
  "end t4 ok {}",
  "start t5 read {"files":[{"path":"math.ts"}]}",
  "end t5 ok {}",
  "usage 24848/200000 $0.0000",
  "thinking: Good! I can see the math.ts file with the add function. Now I need to add a sub function below it. I'll use Edit to add it.",
  "text: Now adding the \`sub\` function:",
  "start t6 edit {"path":"math.ts","patch":"@@ -1,3 +1,7 @@\\n-export function add(a: number, b: number) {\\n-  return a + b;\\n-}\\n+export function add(a: number, b: number) {\\n+  return a + b;\\n+}\\n+\\n+export function sub(a: number, b: number) {\\n+  return a - b;\\n+}"}",
  "end t6 ok {"patch":"@@ -1,3 +1,7 @@\\n export function add(a: number, b: number) {\\n   return a + b;\\n }\\n+\\n+export function sub(a: number, b: number) {\\n+  return a - b;\\n+}"}",
  "usage 25256/200000 $0.0000",
  "thinking: Great! The sub function has been added. Now I need to run \`ls\` to show the directory contents.",
  "text: Running \`ls\`:",
  "start t7 bash {"command":"ls -la","timeoutMs":120000}",
  "output t7 ["total 8","drwxr-xr-x@   4 user  wheel   128 Oct  3 00:08 .","drwx------@ 104 user  wheel  3328 Oct  3 00:08 ..","drwxr-xr-x@   3 user  wheel    96 Oct  3 00:08 .claude","-rw-r--r--@   1 user  wheel   125 Oct  3 00:08 math.ts"]",
  "end t7 ok {"exitCode":0,"wallMs":0}",
  "usage 25543/200000 $0.0000",
  "thinking: Perfect! The \`sub\` function has been added to math.ts. Now I need to mark task #1 as completed.",
  "text: Marking task #1 as completed:",
  "start t8 todo {"groups":[{"title":"Tasks","items":[{"text":"Add sub","status":"done"},{"text":"Ask about mul","status":"pending"}]}]}",
  "end t8 ok {}",
  "usage 25711/200000 $0.0000",
  "thinking: Good! Task 1 is now completed. Now I need to mark task 2 as in_progress and ask the user about adding the mul function.",
  "text: Now marking task #2 as in_progress and asking about \`mul\`:",
  "start t9 todo {"groups":[{"title":"Tasks","items":[{"text":"Add sub","status":"done"},{"text":"Ask about mul","status":"active"}]}]}",
  "end t9 ok {}",
  "start t10 ask {"questions":[{"id":"Should I also add a \`mul\` function to multiply two numbers?","prompt":"Should I also add a \`mul\` function to multiply two numbers?","options":[{"label":"Yes","description":"Add mul function to math.ts"},{"label":"No","description":"Skip adding mul function"}],"multiple":false}]}",
  "end t10 ok {"answers":[{"options":[0]}]}",
  "usage 26088/200000 $0.0000",
  "thinking: Great! The user answered "Yes" to adding the mul function. Now I need to add it to math.ts and then mark task #2 as completed.",
  "text: Perfect! Adding the \`mul\` function:",
  "start t11 edit {"path":"math.ts","patch":"@@ -1,3 +1,7 @@\\n-export function sub(a: number, b: number) {\\n-  return a - b;\\n-}\\n+export function sub(a: number, b: number) {\\n+  return a - b;\\n+}\\n+\\n+export function mul(a: number, b: number) {\\n+  return a * b;\\n+}"}",
  "end t11 ok {"patch":"@@ -5,3 +5,7 @@\\n export function sub(a: number, b: number) {\\n   return a - b;\\n }\\n+\\n+export function mul(a: number, b: number) {\\n+  return a * b;\\n+}"}",
  "usage 26497/200000 $0.0000",
  "thinking: Great! The mul function has been added. Now I'll mark task #2 as completed.",
  "text: Marking task #2 as completed:",
  "start t12 todo {"groups":[{"title":"Tasks","items":[{"text":"Add sub","status":"done"},{"text":"Ask about mul","status":"done"}]}]}",
  "end t12 ok {}",
  "usage 26658/200000 $0.0000",
  "thinking: Perfect! All tasks are completed. Let me summarize what I did:
1. Created task #1 "Add sub"
2. Created task #2 "Ask about mul"
3. Marked task #1 as in_progress
4. Read math.ts
5. Added the sub function
6. Ran ls
7. Marked task #1 as completed
8. Marked task #2 as in_progress
9. Asked the user about mul with AskUserQuestion
10. User said "Yes"
11. Added the mul function
12. Marked task #2 as completed

All done!",
  "text: Done! ✅ Here's what I completed:

**Task #1 (Add sub)** - ✅ Completed
- Added \`sub\` function to math.ts that subtracts two numbers

**Task #2 (Ask about mul)** - ✅ Completed  
- You confirmed yes to adding \`mul\`
- Added \`mul\` function to math.ts that multiplies two numbers

Your \`math.ts\` now has three exported functions:
- \`add(a, b)\` - addition
- \`sub(a, b)\` - subtraction  
- \`mul(a, b)\` - multiplication",
  "usage 26658/200000 $0.0709",
]
`;
